../Core/Src/main.c:156:6:set_position_after_reset	16	static
../Core/Src/main.c:177:6:servo_init	16	static
../Core/Src/main.c:183:6:servo_set_angle	32	static
../Core/Src/main.c:197:5:biggestDifference	40	static
../Core/Src/main.c:213:6:isHigher	16	static
../Core/Src/main.c:217:5:changeValue	16	static
../Core/Src/main.c:227:5:reverseSecondAxisAngle	16	static
../Core/Src/main.c:232:6:moveServo	40	static
../Core/Src/main.c:300:6:setHomePosition	8	static
../Core/Src/main.c:310:6:setHomePositionR2	8	static
../Core/Src/main.c:319:6:general_cycle_of_work	8	static
../Core/Src/main.c:339:6:general_cycle_of_work_R2	8	static
../Core/Src/main.c:356:6:test	8	static
../Core/Src/main.c:379:5:main	8	static
../Core/Src/main.c:495:6:SystemClock_Config	88	static
../Core/Src/main.c:545:13:MX_ETH_Init	8	static
../Core/Src/main.c:594:13:MX_TIM1_Init	96	static
../Core/Src/main.c:676:13:MX_TIM2_Init	48	static
../Core/Src/main.c:733:13:MX_TIM4_Init	48	static
../Core/Src/main.c:794:13:MX_TIM9_Init	40	static
../Core/Src/main.c:840:13:MX_TIM10_Init	40	static
../Core/Src/main.c:886:13:MX_TIM11_Init	40	static
../Core/Src/main.c:932:13:MX_TIM13_Init	40	static
../Core/Src/main.c:978:13:MX_TIM14_Init	40	static
../Core/Src/main.c:1024:13:MX_USART3_UART_Init	8	static
../Core/Src/main.c:1059:13:MX_USB_OTG_FS_PCD_Init	8	static
../Core/Src/main.c:1094:13:MX_GPIO_Init	64	static
../Core/Src/main.c:1169:6:start_task_1	16	static
../Core/Src/main.c:1200:6:start_task_2	16	static
../Core/Src/main.c:1231:6:HAL_TIM_PeriodElapsedCallback	16	static
../Core/Src/main.c:1248:6:Error_Handler	4	static,ignoring_inline_asm
